<?xml version="1.0" encoding="utf-8"?><testsuites name="pytest tests"><testsuite name="pytest" errors="0" failures="0" skipped="0" tests="831" time="85.721" timestamp="2026-07-08T10:38:41.795330+08:00" hostname="PC-202305141453"><testcase classname="tests.integration.test_artifacts_api" name="test_artifacts_list" time="0.704" /><testcase classname="tests.integration.test_artifacts_api" name="test_artifacts_list_no_filter" time="0.647" /><testcase classname="tests.integration.test_artifacts_api" name="test_artifacts_get_by_id_404" time="0.630" /><testcase classname="tests.integration.test_bus_matrix_api" name="test_bus_matrix_returns_grid" time="0.632" /><testcase classname="tests.integration.test_dashboard_api" name="test_dashboard_returns_stats" time="0.603" /><testcase classname="tests.integration.test_dashboard_api" name="test_dashboard_handles_empty_db" time="0.614" /><testcase classname="tests.integration.test_dashboard_api" name="test_dashboard_v10_no_dead_fields" time="0.605" /><testcase classname="tests.integration.test_data_integration_api" name="test_list_datasources" time="0.628" /><testcase classname="tests.integration.test_data_integration_api" name="test_list_holo_schemas" time="0.635" /><testcase classname="tests.integration.test_data_integration_api" name="test_list_holo_tables" time="0.629" /><testcase classname="tests.integration.test_data_integration_api" name="test_repository_tree" time="0.665" /><testcase classname="tests.integration.test_data_integration_api" name="test_search_tables" time="0.625" /><testcase classname="tests.integration.test_data_integration_api" name="test_create_di_node_validation" time="0.647" /><testcase classname="tests.integration.test_data_integration_api" name="test_create_di_node_well_formed" time="0.620" /><testcase classname="tests.integration.test_data_integration_api" name="test_preview_holo_dml" time="0.624" /><testcase classname="tests.integration.test_data_integration_api" name="test_create_holo_node_validation" time="0.612" /><testcase classname="tests.integration.test_data_integration_api" name="test_pipeline_preview_oss_sql" time="0.576" /><testcase classname="tests.integration.test_data_integration_api" name="test_batch_deploy_validation" time="0.573" /><testcase classname="tests.integration.test_datasource_api" name="test_list_datasources" time="0.620" /><testcase classname="tests.integration.test_datasource_api" name="test_list_datasources_with_type_filter" time="0.667" /><testcase classname="tests.integration.test_datasource_api" name="test_list_datasource_tables" time="0.597" /><testcase classname="tests.integration.test_datasource_api" name="test_list_holo_schemas" time="0.630" /><testcase classname="tests.integration.test_datasource_api" name="test_list_holo_tables" time="0.599" /><testcase classname="tests.integration.test_datasource_api" name="test_list_holo_columns" time="0.695" /><testcase classname="tests.integration.test_datasource_api" name="test_repository_tree" time="0.601" /><testcase classname="tests.integration.test_datasource_api" name="test_create_holo_node_validation" time="0.681" /><testcase classname="tests.integration.test_governance_hub_api" name="test_word_roots_default" time="0.625" /><testcase classname="tests.integration.test_governance_hub_api" name="test_word_roots_search" time="0.585" /><testcase classname="tests.integration.test_governance_hub_api" name="test_parse_sql_lineage" time="0.601" /><testcase classname="tests.integration.test_governance_hub_api" name="test_check_ddl_passes" time="0.643" /><testcase classname="tests.integration.test_governance_hub_api" name="test_lineage_upstream" time="0.701" /><testcase classname="tests.integration.test_governance_hub_api" name="test_lineage_downstream" time="0.648" /><testcase classname="tests.integration.test_governance_hub_api" name="test_lineage_graph" time="0.623" /><testcase classname="tests.integration.test_governance_hub_api" name="test_parse_table_name" time="0.633" /><testcase classname="tests.integration.test_governance_hub_api" name="test_infer_update_mode" time="0.621" /><testcase classname="tests.integration.test_governance_hub_api" name="test_layer_conventions" time="0.636" /><testcase classname="tests.integration.test_governance_hub_api" name="test_roots_check_table" time="0.637" /><testcase classname="tests.integration.test_governance_hub_api" name="test_lineage_preview_validation" time="0.661" /><testcase classname="tests.integration.test_import_sync_api" name="test_import_preview_nonexistent_path" time="0.610" /><testcase classname="tests.integration.test_import_sync_api" name="test_import_preview_real_path" time="0.627" /><testcase classname="tests.integration.test_import_sync_api" name="test_import_preview_filter_ods" time="0.654" /><testcase classname="tests.integration.test_import_sync_api" name="test_import_preview_filter_dim" time="0.636" /><testcase classname="tests.integration.test_import_sync_api" name="test_import_import_validation" time="0.625" /><testcase classname="tests.integration.test_import_sync_api" name="test_import_import_dry_run" time="0.617" /><testcase classname="tests.integration.test_import_sync_api" name="test_import_deploy_validation" time="0.600" /><testcase classname="tests.integration.test_import_sync_api" name="test_sync_tables" time="0.637" /><testcase classname="tests.integration.test_import_sync_api" name="test_sync_history" time="0.680" /><testcase classname="tests.integration.test_import_sync_api" name="test_sync_diff_validation" time="0.598" /><testcase classname="tests.integration.test_import_sync_api" name="test_sync_diff_well_formed" time="0.649" /><testcase classname="tests.integration.test_import_sync_api" name="test_sync_execute_validation" time="0.610" /><testcase classname="tests.integration.test_mocked_fixture" name="test_health_endpoint_responds" time="0.623" /><testcase classname="tests.integration.test_mocked_fixture" name="test_metrics_endpoint_responds" time="0.723" /><testcase classname="tests.integration.test_mocked_fixture" name="test_settings_endpoint_responds" time="0.623" /><testcase classname="tests.integration.test_mocked_fixture" name="test_cookie_full_responds" time="0.634" /><testcase classname="tests.integration.test_mocked_fixture" name="test_idempotency_middleware_works_in_mock" time="0.676" /><testcase classname="tests.integration.test_mocked_fixture" name="test_ip_isolation_sets_user_id" time="0.633" /><testcase classname="tests.integration.test_mocked_fixture" name="test_governance_word_roots_works" time="0.616" /><testcase classname="tests.integration.test_modeling_api" name="test_health_check" time="0.040" /><testcase classname="tests.integration.test_modeling_api" name="test_create_task_dry_run" time="0.004" /><testcase classname="tests.integration.test_modeling_api" name="test_list_tasks" time="0.006" /><testcase classname="tests.integration.test_modeling_api" name="test_preview_ddl" time="0.006" /><testcase classname="tests.integration.test_modeling_api" name="test_root_check_api" time="0.006" /><testcase classname="tests.integration.test_modeling_api" name="test_task_not_found" time="0.004" /><testcase classname="tests.integration.test_modeling_api" name="test_idempotency_key" time="0.004" /><testcase classname="tests.integration.test_modeling_workbench_api" name="test_search_tables" time="0.668" /><testcase classname="tests.integration.test_modeling_workbench_api" name="test_modeling_preview_dry_run" time="0.625" /><testcase classname="tests.integration.test_modeling_workbench_api" name="test_governance_check_ddl" time="0.662" /><testcase classname="tests.integration.test_modeling_workbench_api" name="test_create_task_dwd_dry_run" time="0.640" /><testcase classname="tests.integration.test_modeling_workbench_api" name="test_create_task_idempotency_header" time="0.673" /><testcase classname="tests.integration.test_modeling_workbench_api" name="test_dwd_preview_ddl_validation" time="0.629" /><testcase classname="tests.integration.test_modeling_workbench_api" name="test_dwd_preview_sql_validation" time="0.618" /><testcase classname="tests.integration.test_modeling_workbench_api" name="test_dwd_resolve_types" time="0.630" /><testcase classname="tests.integration.test_modeling_workbench_api" name="test_dwd_deploy_validation" time="0.637" /><testcase classname="tests.integration.test_modeling_workbench_api" name="test_dwd_deploy_well_formed_dry_run" time="0.607" /><testcase classname="tests.integration.test_modeling_workbench_api" name="test_list_tasks_filter" time="0.624" /><testcase classname="tests.integration.test_ownership_api" name="test_ownership_query" time="0.638" /><testcase classname="tests.integration.test_ownership_api" name="test_ownership_query_unknown_table" time="0.614" /><testcase classname="tests.integration.test_pipeline_api" name="test_preview_oss_sql_validation" time="0.612" /><testcase classname="tests.integration.test_pipeline_api" name="test_preview_oss_sql_well_formed" time="0.598" /><testcase classname="tests.integration.test_pipeline_api" name="test_preview_realtime_validation" time="0.659" /><testcase classname="tests.integration.test_pipeline_api" name="test_oss_batch_validation" time="0.601" /><testcase classname="tests.integration.test_pipeline_api" name="test_oss_batch_well_formed" time="0.581" /><testcase classname="tests.integration.test_pipeline_api" name="test_realtime_batch_validation" time="0.601" /><testcase classname="tests.integration.test_pipeline_api" name="test_get_batch_status" time="0.584" /><testcase classname="tests.integration.test_reconciliation_api" name="test_reconciliation_tasks_list" time="0.599" /><testcase classname="tests.integration.test_reconciliation_api" name="test_reconciliation_dispose_validation" time="0.629" /><testcase classname="tests.integration.test_reconciliation_api" name="test_reconciliation_dispose_well_formed" time="0.607" /><testcase classname="tests.integration.test_settings_cookie_api" name="test_health_endpoint" time="0.592" /><testcase classname="tests.integration.test_settings_cookie_api" name="test_settings_get" time="0.640" /><testcase classname="tests.integration.test_settings_cookie_api" name="test_cookie_status" time="0.622" /><testcase classname="tests.integration.test_settings_cookie_api" name="test_cookie_full" time="0.603" /><testcase classname="tests.integration.test_settings_cookie_api" name="test_cookie_save" time="0.604" /><testcase classname="tests.integration.test_settings_cookie_api" name="test_cookie_save_well_formed" time="0.684" /><testcase classname="tests.integration.test_settings_cookie_api" name="test_cookie_verify" time="0.622" /><testcase classname="tests.integration.test_settings_cookie_api" name="test_cookie_auto_fetch" time="0.608" /><testcase classname="tests.integration.test_settings_cookie_api" name="test_cookie_wait_login" time="0.587" /><testcase classname="tests.integration.test_settings_cookie_api" name="test_cookie_launch_browser" time="0.609" /><testcase classname="tests.integration.test_settings_cookie_api" name="test_cookie_scan_uuids" time="0.660" /><testcase classname="tests.integration.test_task_create_wizard_api" name="test_wizard_search_tables" time="0.635" /><testcase classname="tests.integration.test_task_create_wizard_api" name="test_wizard_preview" time="0.633" /><testcase classname="tests.integration.test_task_create_wizard_api" name="test_wizard_create_task_with_idempotency" time="0.638" /><testcase classname="tests.smoke.test_release_smoke" name="test_smoke_health_check_ok" time="0.003" /><testcase classname="tests.smoke.test_release_smoke" name="test_smoke_wizard_preview_returns_valid_ddl" time="0.004" /><testcase classname="tests.smoke.test_release_smoke" name="test_smoke_root_check_valid_fields" time="0.004" /><testcase classname="tests.smoke.test_release_smoke" name="test_smoke_root_check_invalid_fields" time="0.004" /><testcase classname="tests.smoke.test_release_smoke" name="test_smoke_idempotency" time="0.004" /><testcase classname="tests.unit.test_agent" name="test_process_modeling" time="0.002" /><testcase classname="tests.unit.test_agent" name="test_process_query" time="0.003" /><testcase classname="tests.unit.test_agent" name="test_process_clarification" time="0.003" /><testcase classname="tests.unit.test_agent" name="test_process_unknown_type" time="0.001" /><testcase classname="tests.unit.test_agent" name="test_agent_request_post_init" time="0.000" /><testcase classname="tests.unit.test_agent" name="test_agent_response_post_init" time="0.000" /><testcase classname="tests.unit.test_async_executor" name="test_submit" time="0.001" /><testcase classname="tests.unit.test_async_executor" name="test_execute" time="0.002" /><testcase classname="tests.unit.test_async_executor" name="test_execute_with_args" time="0.001" /><testcase classname="tests.unit.test_async_executor" name="test_execute_with_kwargs" time="0.001" /><testcase classname="tests.unit.test_async_executor" name="test_execute_all" time="0.002" /><testcase classname="tests.unit.test_async_executor" name="test_get_task" time="0.002" /><testcase classname="tests.unit.test_async_executor" name="test_cancel_task" time="0.106" /><testcase classname="tests.unit.test_async_executor" name="test_stats" time="0.002" /><testcase classname="tests.unit.test_async_executor" name="test_clear" time="0.000" /><testcase classname="tests.unit.test_async_executor" name="test_task_state" time="0.000" /><testcase classname="tests.unit.test_attribution" name="test_diagnose_caliber_mismatch" time="0.002" /><testcase classname="tests.unit.test_attribution" name="test_diagnose_metric_not_found" time="0.002" /><testcase classname="tests.unit.test_attribution" name="test_classify_root_cause_no_mismatch" time="0.000" /><testcase classname="tests.unit.test_attribution" name="test_classify_root_cause_multiple_mismatch" time="0.000" /><testcase classname="tests.unit.test_attribution" name="test_classify_root_cause_single_mismatch" time="0.000" /><testcase classname="tests.unit.test_attribution" name="test_generate_repair_suggestion" time="0.000" /><testcase classname="tests.unit.test_attribution" name="test_anomaly_report_post_init" time="0.000" /><testcase classname="tests.unit.test_attribution" name="test_attribution_result_post_init" time="0.000" /><testcase classname="tests.unit.test_auth" name="test_handle_callback_success" time="0.002" /><testcase classname="tests.unit.test_auth" name="test_handle_callback_failure" time="0.002" /><testcase classname="tests.unit.test_auth" name="test_refresh_token" time="0.001" /><testcase classname="tests.unit.test_auth" name="test_dingtalk_user_info_post_init" time="0.000" /><testcase classname="tests.unit.test_auth" name="test_auth_token_post_init" time="0.000" /><testcase classname="tests.unit.test_auth_credentials.TestLoadCredentials" name="test_load_success" time="0.000" /><testcase classname="tests.unit.test_auth_credentials.TestLoadCredentials" name="test_missing_both_raises" time="0.000" /><testcase classname="tests.unit.test_auth_credentials.TestLoadCredentials" name="test_missing_id_only_raises" time="0.001" /><testcase classname="tests.unit.test_auth_credentials.TestLoadCredentials" name="test_missing_secret_only_raises" time="0.000" /><testcase classname="tests.unit.test_auth_credentials.TestLoadCredentials" name="test_whitespace_treated_as_missing" time="0.000" /><testcase classname="tests.unit.test_auth_credentials.TestLoadCredentials" name="test_values_are_stripped" time="0.000" /><testcase classname="tests.unit.test_auth_credentials.TestMasking" name="test_repr_masks_secret" time="0.000" /><testcase classname="tests.unit.test_auth_credentials.TestMasking" name="test_credentials_are_immutable" time="0.000" /><testcase classname="tests.unit.test_bff_client" name="test_update_node_sends_correct_payload" time="0.002" /><testcase classname="tests.unit.test_bff_client" name="test_update_vertex_includes_trigger_and_params" time="0.002" /><testcase classname="tests.unit.test_bff_client" name="test_update_vertex_omits_absent_keys" time="0.002" /><testcase classname="tests.unit.test_bff_client" name="test_get_upstream_tasks_parses_response" time="0.002" /><testcase classname="tests.unit.test_bff_client" name="test_get_upstream_tasks_returns_empty_on_non_200" time="0.002" /><testcase classname="tests.unit.test_bff_client" name="test_list_lineage_returns_data_block" time="0.002" /><testcase classname="tests.unit.test_bff_client" name="test_update_node_returns_false_on_non_200" time="0.002" /><testcase classname="tests.unit.test_cache" name="test_get_set" time="0.001" /><testcase classname="tests.unit.test_cache" name="test_get_miss" time="0.000" /><testcase classname="tests.unit.test_cache" name="test_set_with_ttl" time="0.151" /><testcase classname="tests.unit.test_cache" name="test_delete" time="0.001" /><testcase classname="tests.unit.test_cache" name="test_delete_nonexistent" time="0.001" /><testcase classname="tests.unit.test_cache" name="test_clear" time="0.001" /><testcase classname="tests.unit.test_cache" name="test_get_or_set" time="0.001" /><testcase classname="tests.unit.test_cache" name="test_lru_eviction" time="0.000" /><testcase classname="tests.unit.test_cache" name="test_hit_rate" time="0.000" /><testcase classname="tests.unit.test_cache" name="test_cleanup_expired" time="0.151" /><testcase classname="tests.unit.test_cache" name="test_get_stats" time="0.000" /><testcase classname="tests.unit.test_cache" name="test_get_cache_manager" time="0.000" /><testcase classname="tests.unit.test_cache_events" name="test_event_bus_subscribe" time="0.000" /><testcase classname="tests.unit.test_cache_events" name="test_event_bus_unsubscribe" time="0.000" /><testcase classname="tests.unit.test_cache_events" name="test_cache_invalidate_by_pattern" time="0.000" /><testcase classname="tests.unit.test_cache_events" name="test_cache_invalidate_by_source" time="0.001" /><testcase classname="tests.unit.test_cache_events" name="test_cache_invalidate_by_tags" time="0.000" /><testcase classname="tests.unit.test_cache_events" name="test_cache_publish_invalidation" time="0.000" /><testcase classname="tests.unit.test_cache_events" name="test_cache_auto_invalidate_on_event" time="0.000" /><testcase classname="tests.unit.test_cache_events" name="test_get_event_bus" time="0.000" /><testcase classname="tests.unit.test_cache_events" name="test_get_cache_manager" time="0.000" /><testcase classname="tests.unit.test_cache_events" name="test_event_bus_publish_async" time="0.001" /><testcase classname="tests.unit.test_cache_events" name="test_task_status_changed_enum_exists" time="0.000" /><testcase classname="tests.unit.test_cache_events" name="test_monitor_ws_subscribed_to_task_status_changed" time="0.001" /><testcase classname="tests.unit.test_caliber" name="test_clarify_metric_not_found" time="0.002" /><testcase classname="tests.unit.test_caliber" name="test_compare_calibers_match" time="0.000" /><testcase classname="tests.unit.test_caliber" name="test_compare_calibers_mismatch" time="0.000" /><testcase classname="tests.unit.test_caliber" name="test_compare_calibers_empty" time="0.000" /><testcase classname="tests.unit.test_caliber" name="test_clarify_batch" time="0.002" /><testcase classname="tests.unit.test_caliber" name="test_caliber_clarification_result_post_init" time="0.000" /><testcase classname="tests.unit.test_circuit_breaker" name="test_closed_state_passes_through" time="0.001" /><testcase classname="tests.unit.test_circuit_breaker" name="test_opens_after_threshold_failures" time="0.002" /><testcase classname="tests.unit.test_circuit_breaker" name="test_open_state_rejects_calls" time="0.001" /><testcase classname="tests.unit.test_circuit_breaker" name="test_open_to_half_open_after_recovery_timeout" time="0.002" /><testcase classname="tests.unit.test_circuit_breaker" name="test_half_open_failure_increments_failures" time="0.001" /><testcase classname="tests.unit.test_circuit_breaker" name="test_success_resets_failure_counter" time="0.001" /><testcase classname="tests.unit.test_circuit_breaker" name="test_bff_breaker_module_singleton" time="0.001" /><testcase classname="tests.unit.test_circuit_breaker" name="test_bff_breaker_protects_get" time="0.001" /><testcase classname="tests.unit.test_closed_loop_verifier" name="test_verify_ods_success" time="0.001" /><testcase classname="tests.unit.test_closed_loop_verifier" name="test_verify_ods_failed_ddl" time="0.001" /><testcase classname="tests.unit.test_closed_loop_verifier" name="test_verify_dwd_success" time="0.002" /><testcase classname="tests.unit.test_closed_loop_verifier" name="test_verify_dwd_failed_layer_dependency" time="0.002" /><testcase classname="tests.unit.test_closed_loop_verifier" name="test_verify_empty_task_type" time="0.002" /><testcase classname="tests.unit.test_closed_loop_verifier" name="test_verify_sql_syntax_error" time="0.002" /><testcase classname="tests.unit.test_closed_loop_verifier" name="test_verification_result_summary" time="0.000" /><testcase classname="tests.unit.test_closed_loop_verifier" name="test_register_custom_check" time="0.000" /><testcase classname="tests.unit.test_cookie_health" name="test_check_healthy_when_expires_in_large" time="0.001" /><testcase classname="tests.unit.test_cookie_health" name="test_check_warning_when_expires_in_moderate" time="0.001" /><testcase classname="tests.unit.test_cookie_health" name="test_check_critical_when_expires_in_low" time="0.001" /><testcase classname="tests.unit.test_cookie_health" name="test_check_critical_does_not_cross_tenant_clear_queues" time="0.002" /><testcase classname="tests.unit.test_cookie_health" name="test_check_expired_when_call_raises" time="0.001" /><testcase classname="tests.unit.test_cookie_health" name="test_check_string_response_treated_as_expired" time="0.001" /><testcase classname="tests.unit.test_cookie_health" name="test_check_handles_missing_expires_in" time="0.001" /><testcase classname="tests.unit.test_cookie_health" name="test_check_zero_expires_in_treated_as_unknown" time="0.002" /><testcase classname="tests.unit.test_coordinator" name="test_coordinate_modeling" time="0.002" /><testcase classname="tests.unit.test_coordinator" name="test_coordinate_diagnosis" time="0.001" /><testcase classname="tests.unit.test_coordinator" name="test_coordinate_query" time="0.001" /><testcase classname="tests.unit.test_coordinator" name="test_decompose_task_modeling" time="0.000" /><testcase classname="tests.unit.test_coordinator" name="test_decompose_task_diagnosis" time="0.000" /><testcase classname="tests.unit.test_coordinator" name="test_sub_task_post_init" time="0.000" /><testcase classname="tests.unit.test_coordinator" name="test_coordination_result_post_init" time="0.000" /><testcase classname="tests.unit.test_dashboard_cache.TestClassifyStatusContract" name="test_terminal_states" time="0.000" /><testcase classname="tests.unit.test_dashboard_cache.TestClassifyStatusContract" name="test_pending_states" time="0.000" /><testcase classname="tests.unit.test_dashboard_cache.TestClassifyStatusContract" name="test_in_flight_states" time="0.000" /><testcase classname="tests.unit.test_dashboard_cache.TestClassifyStatusContract" name="test_unknown_returns_none" time="0.000" /><testcase classname="tests.unit.test_dashboard_cache.TestClassifyStatusContract" name="test_case_insensitive" time="0.000" /><testcase classname="tests.unit.test_dashboard_cache" name="test_ws_event_invalidates_dashboard_cache" time="0.002" /><testcase classname="tests.unit.test_dashboard_cache" name="test_broadcast_subscribed_at_module_load" time="0.001" /><testcase classname="tests.unit.test_dashboard_cache" name="test_broadcast_payload_contract" time="0.002" /><testcase classname="tests.unit.test_dashboard_cache" name="test_state_machine_emit_event_payload_has_string_event_field" time="0.116" /><testcase classname="tests.unit.test_db_backup" name="test_backup_db_creates_consistent_copy" time="0.033" /><testcase classname="tests.unit.test_db_backup" name="test_backup_db_overwrites_previous" time="1.152" /><testcase classname="tests.unit.test_db_backup" name="test_incremental_backup_triggered_events" time="0.002" /><testcase classname="tests.unit.test_db_backup" name="test_incremental_backup_swallows_errors" time="0.001" /><testcase classname="tests.unit.test_db_ensure_columns" name="test_adds_missing_columns_to_existing_table" time="0.222" /><testcase classname="tests.unit.test_db_ensure_columns" name="test_idempotent" time="0.196" /><testcase classname="tests.unit.test_db_ensure_columns" name="test_skips_tables_not_present" time="0.004" /><testcase classname="tests.unit.test_ddl_checker.TestExtractColumns" name="test_basic_field" time="0.000" /><testcase classname="tests.unit.test_ddl_checker.TestExtractColumns" name="test_field_with_comment_suffix" time="0.001" /><testcase classname="tests.unit.test_ddl_checker.TestExtractColumns" name="test_pure_comment_line_still_skipped" time="0.001" /><testcase classname="tests.unit.test_ddl_checker.TestExtractColumns" name="test_partition_after_columns" time="0.000" /><testcase classname="tests.unit.test_destructive_guard.TestBlockedSql" name="test_blocked[DELETE FROM dataworks.ord_order WHERE dt='20260101']" time="0.001" /><testcase classname="tests.unit.test_destructive_guard.TestBlockedSql" name="test_blocked[delete from t]" time="0.001" /><testcase classname="tests.unit.test_destructive_guard.TestBlockedSql" name="test_blocked[TRUNCATE TABLE dataworks.ord_order]" time="0.001" /><testcase classname="tests.unit.test_destructive_guard.TestBlockedSql" name="test_blocked[truncate dataworks.t]" time="0.001" /><testcase classname="tests.unit.test_destructive_guard.TestBlockedSql" name="test_blocked[ALTER TABLE dataworks.ord DROP PARTITION (dt='20260101')]" time="0.001" /><testcase classname="tests.unit.test_destructive_guard.TestBlockedSql" name="test_blocked[ALTER TABLE dataworks.ord DROP COLUMN name]" time="0.001" /><testcase classname="tests.unit.test_destructive_guard.TestBlockedSql" name="test_blocked[ALTER TABLE dataworks.ord DROP COLUMNS (a, b)]" time="0.001" /><testcase classname="tests.unit.test_destructive_guard.TestBlockedSql" name="test_blocked[DROP TABLE dataworks.ord_order]" time="0.001" /><testcase classname="tests.unit.test_destructive_guard.TestBlockedSql" name="test_blocked[DROP TABLE IF EXISTS dataworks.dwd_mkt_ad_group_day]" time="0.001" /><testcase classname="tests.unit.test_destructive_guard.TestBlockedSql" name="test_blocked[DROP TABLE prod_table]" time="0.001" /><testcase classname="tests.unit.test_destructive_guard.TestAllowedSql" name="test_allowed[INSERT OVERWRITE TABLE dataworks.dwd_x PARTITION(dt) SELECT * FROM src]" time="0.000" /><testcase classname="tests.unit.test_destructive_guard.TestAllowedSql" name="test_allowed[INSERT INTO dataworks.dwd_x SELECT 1]" time="0.000" /><testcase classname="tests.unit.test_destructive_guard.TestAllowedSql" name="test_allowed[CREATE TABLE dataworks.dwd_x (id bigint) PARTITIONED BY (dt string)]" time="0.000" /><testcase classname="tests.unit.test_destructive_guard.TestAllowedSql" name="test_allowed[CREATE TABLE IF NOT EXISTS dataworks.t (id bigint)]" time="0.001" /><testcase classname="tests.unit.test_destructive_guard.TestAllowedSql" name="test_allowed[ALTER TABLE dataworks.t ADD COLUMNS (age bigint)]" time="0.000" /><testcase classname="tests.unit.test_destructive_guard.TestAllowedSql" name="test_allowed[SELECT * FROM dataworks.t WHERE dt='20260101' LIMIT 10]" time="0.000" /><testcase classname="tests.unit.test_destructive_guard.TestAllowedSql" name="test_allowed[DROP TABLE tmp_scratch]" time="0.000" /><testcase classname="tests.unit.test_destructive_guard.TestAllowedSql" name="test_allowed[DROP TABLE IF EXISTS dataworks.test_sandbox]" time="0.000" /><testcase classname="tests.unit.test_destructive_guard.TestAllowedSql" name="test_allowed[DROP TABLE dataworks.tmp_20260101]" time="0.000" /><testcase classname="tests.unit.test_destructive_guard.TestCommentsAndMultiStatement" name="test_comment_with_semicolon_not_bypass" time="0.001" /><testcase classname="tests.unit.test_destructive_guard.TestCommentsAndMultiStatement" name="test_forbidden_keyword_only_in_comment_is_ignored" time="0.000" /><testcase classname="tests.unit.test_destructive_guard.TestCommentsAndMultiStatement" name="test_multi_statement_blocks_if_any_forbidden" time="0.001" /><testcase classname="tests.unit.test_destructive_guard.TestCommentsAndMultiStatement" name="test_multi_statement_all_allowed" time="0.000" /><testcase classname="tests.unit.test_destructive_guard.TestNodeOps" name="test_blocked_node_ops[DELETE_NODE]" time="0.001" /><testcase classname="tests.unit.test_destructive_guard.TestNodeOps" name="test_blocked_node_ops[OFFLINE_NODE]" time="0.001" /><testcase classname="tests.unit.test_destructive_guard.TestNodeOps" name="test_blocked_node_ops[delete]" time="0.001" /><testcase classname="tests.unit.test_destructive_guard.TestNodeOps" name="test_blocked_node_ops[offline]" time="0.001" /><testcase classname="tests.unit.test_destructive_guard.TestNodeOps" name="test_blocked_node_ops[UNDEPLOY]" time="0.001" /><testcase classname="tests.unit.test_destructive_guard.TestNodeOps" name="test_allowed_node_ops[CREATE_NODE]" time="0.000" /><testcase classname="tests.unit.test_destructive_guard.TestNodeOps" name="test_allowed_node_ops[UPDATE_NODE]" time="0.000" /><testcase classname="tests.unit.test_destructive_guard.TestNodeOps" name="test_allowed_node_ops[DEPLOY]" time="0.000" /><testcase classname="tests.unit.test_destructive_guard.TestNodeOps" name="test_allowed_node_ops[GET_NODE]" time="0.000" /><testcase classname="tests.unit.test_dingtalk" name="test_handle_message_not_at_bot" time="0.001" /><testcase classname="tests.unit.test_dingtalk" name="test_handle_message_at_bot" time="0.002" /><testcase classname="tests.unit.test_dingtalk" name="test_handle_message_no_report" time="0.001" /><testcase classname="tests.unit.test_dingtalk" name="test_parse_anomaly_report" time="0.000" /><testcase classname="tests.unit.test_dingtalk" name="test_parse_anomaly_report_no_anomaly" time="0.000" /><testcase classname="tests.unit.test_dingtalk" name="test_dingtalk_message_post_init" time="0.000" /><testcase classname="tests.unit.test_dingtalk" name="test_dingtalk_reply_post_init" time="0.000" /><testcase classname="tests.unit.test_dwd_ddl_generator.TestDwdDDLGenerator" name="test_create_table_header" time="0.000" /><testcase classname="tests.unit.test_dwd_ddl_generator.TestDwdDDLGenerator" name="test_partition_and_no_lifecycle" time="0.000" /><testcase classname="tests.unit.test_dwd_ddl_generator.TestDwdDDLGenerator" name="test_full_mode_permanent" time="0.000" /><testcase classname="tests.unit.test_dwd_ddl_generator.TestDwdDDLGenerator" name="test_from_structured_metadata" time="0.000" /><testcase classname="tests.unit.test_dwd_ddl_generator.TestDwdDDLGenerator" name="test_empty_targets_raises" time="0.000" /><testcase classname="tests.unit.test_dwd_deploy_pipeline.TestDeployAkSkPath" name="test_creates_table_via_mc_with_drop_stripped" time="0.002" /><testcase classname="tests.unit.test_dwd_deploy_pipeline.TestDeployAkSkPath" name="test_skips_create_when_table_exists" time="0.001" /><testcase classname="tests.unit.test_dwd_deploy_pipeline.TestDeployAkSkPath" name="test_node_ops_go_through_adapter_with_deps_inline" time="0.001" /><testcase classname="tests.unit.test_dwd_deploy_pipeline.TestDeployAkSkPath" name="test_publish_calls_deploy" time="0.001" /><testcase classname="tests.unit.test_dwd_deploy_pipeline.TestDeployAkSkPath" name="test_create_table_failure_stops" time="0.001" /><testcase classname="tests.unit.test_dwd_sql_generator.TestCoalesceNullHandling" name="test_normal_category_gets_coalesce" time="0.000" /><testcase classname="tests.unit.test_dwd_sql_generator.TestCoalesceNullHandling" name="test_amount_category_no_coalesce" time="0.000" /><testcase classname="tests.unit.test_dwd_sql_generator.TestPartitionConditions" name="test_daily_uses_bizdate" time="0.000" /><testcase classname="tests.unit.test_dwd_sql_generator.TestPartitionConditions" name="test_hourly_uses_gmtdate" time="0.000" /><testcase classname="tests.unit.test_dwd_sql_generator.TestIncrementalMode" name="test_incremental_has_union_all" time="0.000" /><testcase classname="tests.unit.test_dwd_sql_generator.TestIncrementalMode" name="test_missing_pk_raises" time="0.000" /><testcase classname="tests.unit.test_dwd_sql_generator.TestJoinSupport" name="test_join_in_full_mode" time="0.000" /><testcase classname="tests.unit.test_dwd_type_resolver.TestDwdTypeResolver" name="test_id_suffix_is_string" time="0.000" /><testcase classname="tests.unit.test_dwd_type_resolver.TestDwdTypeResolver" name="test_amount_keyword" time="0.000" /><testcase classname="tests.unit.test_dwd_type_resolver.TestDwdTypeResolver" name="test_quantity_keyword" time="0.000" /><testcase classname="tests.unit.test_dwd_type_resolver.TestBuildStructuredMetadata" name="test_basic_payload" time="0.000" /><testcase classname="tests.unit.test_dwd_type_resolver.TestBuildStructuredMetadata" name="test_empty_targets_raises" time="0.000" /><testcase classname="tests.unit.test_errors" name="test_classify_timeout_error" time="0.000" /><testcase classname="tests.unit.test_errors" name="test_classify_rate_limit_error" time="0.000" /><testcase classname="tests.unit.test_errors" name="test_classify_permission_error" time="0.000" /><testcase classname="tests.unit.test_errors" name="test_classify_database_error" time="0.000" /><testcase classname="tests.unit.test_errors" name="test_classify_sql_syntax_error" time="0.000" /><testcase classname="tests.unit.test_errors" name="test_classify_unknown_error" time="0.000" /><testcase classname="tests.unit.test_errors" name="test_classify_exception" time="0.000" /><testcase classname="tests.unit.test_errors" name="test_format_error_for_llm" time="0.000" /><testcase classname="tests.unit.test_errors" name="test_should_interrupt_system_error" time="0.000" /><testcase classname="tests.unit.test_errors" name="test_should_interrupt_security_error" time="0.000" /><testcase classname="tests.unit.test_errors" name="test_should_not_interrupt_recoverable_error" time="0.000" /><testcase classname="tests.unit.test_errors" name="test_should_retry_recoverable_error" time="0.000" /><testcase classname="tests.unit.test_errors" name="test_should_not_retry_system_error" time="0.000" /><testcase classname="tests.unit.test_errors" name="test_should_not_retry_security_error" time="0.000" /><testcase classname="tests.unit.test_errors" name="test_classified_error_post_init" time="0.000" /><testcase classname="tests.unit.test_evaluator" name="test_record_metric" time="0.001" /><testcase classname="tests.unit.test_evaluator" name="test_record_badcase" time="0.001" /><testcase classname="tests.unit.test_evaluator" name="test_evaluate" time="0.000" /><testcase classname="tests.unit.test_evaluator" name="test_evaluate_empty_outputs" time="0.000" /><testcase classname="tests.unit.test_evaluator" name="test_get_metrics_summary" time="0.001" /><testcase classname="tests.unit.test_evaluator" name="test_get_badcases_summary" time="0.001" /><testcase classname="tests.unit.test_evaluator" name="test_quality_metric_post_init" time="0.000" /><testcase classname="tests.unit.test_evaluator" name="test_badcase_post_init" time="0.000" /><testcase classname="tests.unit.test_event_log.TestAppendAndQuery" name="test_append_assigns_monotonic_seq" time="0.014" /><testcase classname="tests.unit.test_event_log.TestAppendAndQuery" name="test_events_by_session_ordered" time="0.014" /><testcase classname="tests.unit.test_event_log.TestAppendAndQuery" name="test_events_across_runs_same_session_ordered" time="0.014" /><testcase classname="tests.unit.test_event_log.TestAppendAndQuery" name="test_session_isolation" time="0.014" /><testcase classname="tests.unit.test_event_log.TestLastEventId" name="test_events_since" time="0.014" /><testcase classname="tests.unit.test_event_log.TestLastEventId" name="test_events_since_zero_returns_all" time="0.012" /><testcase classname="tests.unit.test_event_log.TestLastEventId" name="test_events_since_scoped_to_run" time="0.012" /><testcase classname="tests.unit.test_event_log.TestMasking" name="test_payload_persisted_and_parsed" time="0.011" /><testcase classname="tests.unit.test_event_log.TestMasking" name="test_sensitive_key_redacted" time="0.011" /><testcase classname="tests.unit.test_event_log.TestMasking" name="test_known_secret_value_redacted_anywhere" time="0.010" /><testcase classname="tests.unit.test_event_log.TestMasking" name="test_nested_masking" time="0.011" /><testcase classname="tests.unit.test_event_log.TestRunLifecycle" name="test_create_and_get_run" time="0.010" /><testcase classname="tests.unit.test_event_log.TestRunLifecycle" name="test_update_run_accumulates_cost" time="0.010" /><testcase classname="tests.unit.test_event_log.TestRunLifecycle" name="test_update_missing_run_noop" time="0.010" /><testcase classname="tests.unit.test_event_log.TestCheckpoint" name="test_save_and_latest" time="0.012" /><testcase classname="tests.unit.test_event_log.TestCheckpoint" name="test_latest_none_when_empty" time="0.011" /><testcase classname="tests.unit.test_evolution" name="test_detect_candidates" time="0.003" /><testcase classname="tests.unit.test_evolution" name="test_create_proposal" time="0.001" /><testcase classname="tests.unit.test_evolution" name="test_approve_proposal" time="0.005" /><testcase classname="tests.unit.test_evolution" name="test_reject_proposal" time="0.001" /><testcase classname="tests.unit.test_evolution" name="test_approve_nonexistent_proposal" time="0.001" /><testcase classname="tests.unit.test_evolution" name="test_list_proposals" time="0.001" /><testcase classname="tests.unit.test_evolution" name="test_list_proposals_by_status" time="0.003" /><testcase classname="tests.unit.test_evolution" name="test_semantic_candidate_post_init" time="0.000" /><testcase classname="tests.unit.test_evolution" name="test_evolution_proposal_post_init" time="0.000" /><testcase classname="tests.unit.test_evolution" name="test_evolution_result_post_init" time="0.000" /><testcase classname="tests.unit.test_finereport" name="test_handle_report_context" time="0.004" /><testcase classname="tests.unit.test_finereport" name="test_get_caliber_info" time="0.002" /><testcase classname="tests.unit.test_finereport" name="test_fine_report_context_post_init" time="0.000" /><testcase classname="tests.unit.test_finereport" name="test_fine_report_response_post_init" time="0.000" /><testcase classname="tests.unit.test_flowspec.TestDILanguage" name="test_di_node_shape" time="0.000" /><testcase classname="tests.unit.test_flowspec.TestDILanguage" name="test_sql_node_keeps_datasource" time="0.000" /><testcase classname="tests.unit.test_flowspec.TestEnvelope" name="test_version_and_kind" time="0.000" /><testcase classname="tests.unit.test_flowspec.TestEnvelope" name="test_returns_json_string" time="0.000" /><testcase classname="tests.unit.test_flowspec.TestScript" name="test_odps_runtime" time="0.000" /><testcase classname="tests.unit.test_flowspec.TestScript" name="test_holo_runtime" time="0.000" /><testcase classname="tests.unit.test_flowspec.TestScript" name="test_content_and_path" time="0.000" /><testcase classname="tests.unit.test_flowspec.TestScript" name="test_parameters_mapped_to_variable" time="0.000" /><testcase classname="tests.unit.test_flowspec.TestScript" name="test_unsupported_language_raises" time="0.000" /><testcase classname="tests.unit.test_flowspec.TestTrigger" name="test_trigger_fields" time="0.000" /><testcase classname="tests.unit.test_flowspec.TestOutputsAndDependency" name="test_self_output" time="0.001" /><testcase classname="tests.unit.test_flowspec.TestOutputsAndDependency" name="test_self_dependency_added" time="0.000" /><testcase classname="tests.unit.test_flowspec.TestOutputsAndDependency" name="test_self_dependency_disabled" time="0.000" /><testcase classname="tests.unit.test_flowspec.TestOutputsAndDependency" name="test_node_id_used_for_update" time="0.000" /><testcase classname="tests.unit.test_flowspec.TestNodeStrategy" name="test_defaults" time="0.000" /><testcase classname="tests.unit.test_forward_flow" name="test_build_target_table_daily" time="0.000" /><testcase classname="tests.unit.test_forward_flow" name="test_build_target_table_hourly" time="0.000" /><testcase classname="tests.unit.test_forward_flow" name="test_generate_ddl" time="0.000" /><testcase classname="tests.unit.test_forward_flow" name="test_generate_dml" time="0.000" /><testcase classname="tests.unit.test_forward_flow" name="test_execute_dry_run" time="0.002" /><testcase classname="tests.unit.test_forward_flow" name="test_execute_full" time="0.001" /><testcase classname="tests.unit.test_forward_flow" name="test_modeling_result_post_init" time="0.000" /><testcase classname="tests.unit.test_governance_lineage_export.TestBuildPreview" name="test_preview_shape" time="0.000" /><testcase classname="tests.unit.test_governance_lineage_export.TestPruneExcluded" name="test_prune_removes_excluded_branch" time="0.000" /><testcase classname="tests.unit.test_governance_lineage_export.TestPruneExcluded" name="test_empty_excluded_returns_same" time="0.000" /><testcase classname="tests.unit.test_governance_lineage_export.TestCollectConcurrent" name="test_concurrent_calls_bff_get_node_code" time="0.114" /><testcase classname="tests.unit.test_governance_lineage_export.TestCollectConcurrent" name="test_semaphore_limits_concurrency" time="0.190" /><testcase classname="tests.unit.test_governance_lineage_export.TestCollectConcurrent" name="test_per_node_failure_does_not_break_others" time="0.004" /><testcase classname="tests.unit.test_governance_sql_lineage.TestSqlLineage" name="test_extract_source_tables" time="0.001" /><testcase classname="tests.unit.test_governance_sql_lineage.TestSqlLineage" name="test_parse_sql_lineage" time="0.001" /><testcase classname="tests.unit.test_governance_sql_lineage.TestSqlLineage" name="test_is_temp_table" time="0.000" /><testcase classname="tests.unit.test_governance_sql_lineage.TestParseDdlStructure" name="test_columns_and_partitions" time="0.001" /><testcase classname="tests.unit.test_governance_table_name.TestIdentifyLayer" name="test_dwd_prefix" time="0.000" /><testcase classname="tests.unit.test_governance_table_name.TestIdentifyLayer" name="test_dmr_ext" time="0.000" /><testcase classname="tests.unit.test_governance_table_name.TestParseTableName" name="test_roundtrip" time="0.000" /><testcase classname="tests.unit.test_governance_table_name.TestBuildTableGuid" name="test_guid" time="0.000" /><testcase classname="tests.unit.test_governance_update_mode.TestInferUpdateMode" name="test_hour" time="0.000" /><testcase classname="tests.unit.test_governance_update_mode.TestInferUpdateMode" name="test_day" time="0.000" /><testcase classname="tests.unit.test_governance_update_mode.TestInferUpdateMode" name="test_unsupported" time="0.000" /><testcase classname="tests.unit.test_governance_warehouse_config.TestWarehouseConfig" name="test_subject_domains_loaded" time="0.000" /><testcase classname="tests.unit.test_governance_warehouse_config.TestWarehouseConfig" name="test_update_modes_loaded" time="0.000" /><testcase classname="tests.unit.test_governance_warehouse_config.TestWarehouseConfig" name="test_layer_conventions_loaded" time="0.081" /><testcase classname="tests.unit.test_governance_warehouse_config.TestWarehouseConfig" name="test_invalid_layer_raises" time="0.000" /><testcase classname="tests.unit.test_governance_warehouse_config.TestWarehouseConfig" name="test_field_suffix_rules_non_empty" time="0.000" /><testcase classname="tests.unit.test_governance_warehouse_config.TestWarehouseConfig" name="test_warehouse_standards_bundle" time="0.014" /><testcase classname="tests.unit.test_isolation" name="test_verify_target_schema_dev" time="0.000" /><testcase classname="tests.unit.test_isolation" name="test_verify_target_schema_prod" time="0.000" /><testcase classname="tests.unit.test_isolation" name="test_verify_target_schema_unknown" time="0.000" /><testcase classname="tests.unit.test_isolation" name="test_verify_dry_run_enabled" time="0.000" /><testcase classname="tests.unit.test_isolation" name="test_verify_code_execution_safe" time="0.000" /><testcase classname="tests.unit.test_isolation" name="test_verify_code_execution_dangerous" time="0.000" /><testcase classname="tests.unit.test_isolation" name="test_verify_api_call_allowed" time="0.000" /><testcase classname="tests.unit.test_isolation" name="test_verify_api_call_disallowed" time="0.000" /><testcase classname="tests.unit.test_isolation" name="test_verify_all_safe" time="0.000" /><testcase classname="tests.unit.test_isolation" name="test_verify_all_unsafe" time="0.000" /><testcase classname="tests.unit.test_isolation" name="test_get_boundary_config" time="0.000" /><testcase classname="tests.unit.test_lineage_provider.TestUpstreamTasks" name="test_match_by_name" time="0.001" /><testcase classname="tests.unit.test_lineage_provider.TestUpstreamTasks" name="test_match_by_output_table" time="0.001" /><testcase classname="tests.unit.test_lineage_provider.TestUpstreamTasks" name="test_not_found" time="0.001" /><testcase classname="tests.unit.test_lineage_provider.TestPagination" name="test_stops_on_partial_page" time="0.012" /><testcase classname="tests.unit.test_lineage_provider.TestPagination" name="test_full_then_partial" time="0.001" /><testcase classname="tests.unit.test_lineage_provider.TestPagination" name="test_max_pages_cap" time="0.001" /><testcase classname="tests.unit.test_lineage_provider.TestNodeList" name="test_filter_by_substring" time="0.001" /><testcase classname="tests.unit.test_lineage_provider.TestParents" name="test_returns_id_name" time="0.001" /><testcase classname="tests.unit.test_lineage_provider.TestParents" name="test_returns_none_on_error" time="0.001" /><testcase classname="tests.unit.test_lineage_provider.TestNodeCode" name="test_parses_script_content" time="0.001" /><testcase classname="tests.unit.test_lineage_provider.TestNodeCode" name="test_empty_when_no_spec" time="0.001" /><testcase classname="tests.unit.test_lineage_provider.TestNodeCode" name="test_empty_when_bad_spec" time="0.001" /><testcase classname="tests.unit.test_lineage_provider.TestScriptContentHelper" name="test_none_input" time="0.000" /><testcase classname="tests.unit.test_lineage_provider.TestScriptContentHelper" name="test_first_node_with_content" time="0.000" /><testcase classname="tests.unit.test_lineage_store" name="test_save_and_get_upstream" time="0.627" /><testcase classname="tests.unit.test_lineage_store" name="test_save_strips_schema_prefix" time="0.599" /><testcase classname="tests.unit.test_lineage_store" name="test_save_self_loop_ignored" time="0.606" /><testcase classname="tests.unit.test_lineage_store" name="test_save_empty_strings_ignored" time="0.578" /><testcase classname="tests.unit.test_lineage_store" name="test_duplicate_edge_updates_cached_at" time="1.754" /><testcase classname="tests.unit.test_lineage_store" name="test_get_downstream" time="0.645" /><testcase classname="tests.unit.test_lineage_store" name="test_is_fresh_true_for_recently_cached" time="0.580" /><testcase classname="tests.unit.test_lineage_store" name="test_is_fresh_false_for_unknown_table" time="0.581" /><testcase classname="tests.unit.test_lineage_store" name="test_is_fresh_false_after_ttl" time="0.683" /><testcase classname="tests.unit.test_lineage_store" name="test_clear_removes_all_edges_for_table" time="0.682" /><testcase classname="tests.unit.test_lineage_store" name="test_save_edges_batch" time="0.608" /><testcase classname="tests.unit.test_lineage_store" name="test_get_upstream_skips_expired" time="0.621" /><testcase classname="tests.unit.test_llm_service.TestRouter" name="test_routes_to_tier_when_configured" time="0.000" /><testcase classname="tests.unit.test_llm_service.TestRouter" name="test_falls_back_to_default_for_missing_tier" time="0.000" /><testcase classname="tests.unit.test_llm_service.TestRouter" name="test_single_model_routes_all" time="0.000" /><testcase classname="tests.unit.test_llm_service.TestRouter" name="test_empty_tier_values_ignored" time="0.000" /><testcase classname="tests.unit.test_llm_service.TestRouter" name="test_empty_default_rejected" time="0.000" /><testcase classname="tests.unit.test_llm_service.TestDataBoundary" name="test_builder_assembles_allowed_kinds" time="0.000" /><testcase classname="tests.unit.test_llm_service.TestDataBoundary" name="test_guard_blocks_data_row" time="0.001" /><testcase classname="tests.unit.test_llm_service.TestDataBoundary" name="test_guard_blocks_mixed_with_data_row" time="0.001" /><testcase classname="tests.unit.test_llm_service.TestDataBoundary" name="test_to_messages_role_mapping" time="0.000" /><testcase classname="tests.unit.test_llm_service.TestComplete" name="test_missing_key_fast_fail" time="0.001" /><testcase classname="tests.unit.test_llm_service.TestComplete" name="test_complete_success_and_usage" time="0.001" /><testcase classname="tests.unit.test_llm_service.TestComplete" name="test_uses_akssk_free_base_url" time="0.001" /><testcase classname="tests.unit.test_llm_service.TestComplete" name="test_data_boundary_blocks_before_network" time="0.002" /><testcase classname="tests.unit.test_maxcompute_client.TestConnection" name="test_entry_built_with_akssk" time="0.001" /><testcase classname="tests.unit.test_maxcompute_client.TestConnection" name="test_entry_cached" time="0.001" /><testcase classname="tests.unit.test_maxcompute_client.TestExecuteDdl" name="test_execute_ddl_success" time="0.003" /><testcase classname="tests.unit.test_maxcompute_client.TestExecuteDdl" name="test_execute_ddl_failure_returns_reason" time="0.002" /><testcase classname="tests.unit.test_maxcompute_client.TestExecuteDdl" name="test_execute_ddl_submit_failure" time="0.002" /><testcase classname="tests.unit.test_maxcompute_client.TestQuery" name="test_submit_and_fetch" time="0.002" /><testcase classname="tests.unit.test_maxcompute_client.TestQuery" name="test_wait_and_fetch_failure_raises" time="0.002" /><testcase classname="tests.unit.test_maxcompute_client.TestSchema" name="test_get_table_schema" time="0.002" /><testcase classname="tests.unit.test_maxcompute_client.TestDestructiveGuardWiring" name="test_execute_ddl_blocks_drop_prod_table" time="0.002" /><testcase classname="tests.unit.test_maxcompute_client.TestDestructiveGuardWiring" name="test_submit_query_blocks_delete" time="0.002" /><testcase classname="tests.unit.test_maxcompute_client.TestDestructiveGuardWiring" name="test_guard_runs_before_submit" time="0.001" /><testcase classname="tests.unit.test_maxcompute_client.TestDestructiveGuardWiring" name="test_allowed_sql_passes_guard" time="0.002" /><testcase classname="tests.unit.test_maxcompute_client.TestDestructiveGuardWiring" name="test_guard_can_be_disabled" time="0.002" /><testcase classname="tests.unit.test_mcp_pool" name="test_parse_sse_standard_format" time="0.000" /><testcase classname="tests.unit.test_mcp_pool" name="test_parse_sse_data_only" time="0.000" /><testcase classname="tests.unit.test_mcp_pool" name="test_parse_sse_multiple_data_lines_takes_first_valid" time="0.000" /><testcase classname="tests.unit.test_mcp_pool" name="test_parse_sse_falls_back_to_plain_json" time="0.000" /><testcase classname="tests.unit.test_mcp_pool" name="test_parse_sse_empty_returns_none" time="0.000" /><testcase classname="tests.unit.test_mcp_pool" name="test_parse_sse_handles_indented_data" time="0.000" /><testcase classname="tests.unit.test_mcp_pool" name="test_call_tool_raises_when_not_connected" time="0.001" /><testcase classname="tests.unit.test_mcp_server" name="test_list_tools" time="0.000" /><testcase classname="tests.unit.test_mcp_server" name="test_list_tools_by_category" time="0.000" /><testcase classname="tests.unit.test_mcp_server" name="test_get_tool" time="0.000" /><testcase classname="tests.unit.test_mcp_server" name="test_get_tool_not_found" time="0.000" /><testcase classname="tests.unit.test_mcp_server" name="test_call_tool_not_found" time="0.001" /><testcase classname="tests.unit.test_mcp_server" name="test_call_tool_requires_auth" time="0.001" /><testcase classname="tests.unit.test_mcp_server" name="test_call_tool_with_auth" time="0.002" /><testcase classname="tests.unit.test_mcp_server" name="test_call_tool_read_only" time="0.002" /><testcase classname="tests.unit.test_mcp_server" name="test_tool_definition_post_init" time="0.000" /><testcase classname="tests.unit.test_mcp_server" name="test_tool_call_request_post_init" time="0.000" /><testcase classname="tests.unit.test_mcp_server" name="test_tool_call_result_post_init" time="0.000" /><testcase classname="tests.unit.test_middleware" name="test_rate_limit_passes_under_burst" time="0.001" /><testcase classname="tests.unit.test_middleware" name="test_rate_limit_returns_429_on_exhaustion" time="0.001" /><testcase classname="tests.unit.test_middleware" name="test_idempotency_skips_non_post" time="0.001" /><testcase classname="tests.unit.test_middleware" name="test_idempotency_skips_without_key" time="0.001" /><testcase classname="tests.unit.test_middleware" name="test_idempotency_register_and_lookup" time="0.001" /><testcase classname="tests.unit.test_middleware" name="test_idempotency_dispatch_returns_cached_on_replay" time="0.001" /><testcase classname="tests.unit.test_middleware" name="test_idempotency_auto_registers_from_json_response" time="0.001" /><testcase classname="tests.unit.test_middleware" name="test_idempotency_ignores_non_json_response" time="0.001" /><testcase classname="tests.unit.test_middleware" name="test_idempotency_ignores_json_without_task_id" time="0.001" /><testcase classname="tests.unit.test_middleware" name="test_ip_isolation_sets_state_attributes" time="0.001" /><testcase classname="tests.unit.test_middleware" name="test_ip_isolation_cleanup_expired_contexts" time="0.001" /><testcase classname="tests.unit.test_middleware" name="test_ip_isolation_keeps_active_context" time="0.001" /><testcase classname="tests.unit.test_monitor_ws" name="test_ws_connect_and_disconnect_manages_pool" time="0.002" /><testcase classname="tests.unit.test_monitor_ws" name="test_dead_connection_removed_on_broadcast" time="0.002" /><testcase classname="tests.unit.test_monitor_ws" name="test_broadcast_payload_shape" time="0.002" /><testcase classname="tests.unit.test_monitor_ws" name="test_broadcast_skips_when_no_clients" time="0.001" /><testcase classname="tests.unit.test_monitor_ws" name="test_broadcast_subscribed_via_event_bus" time="0.001" /><testcase classname="tests.unit.test_monitor_ws" name="test_dashboard_response_no_dead_fields" time="0.002" /><testcase classname="tests.unit.test_odps_sql_runner.TestRegistryDdlColumn" name="test_min_uses_hour_ddl" time="0.000" /><testcase classname="tests.unit.test_odps_sql_runner.TestRegistryDdlColumn" name="test_day_uses_day_ddl" time="0.000" /><testcase classname="tests.unit.test_odps_sql_runner.TestMcpParsing" name="test_parse_job_code_from_json" time="0.000" /><testcase classname="tests.unit.test_odps_sql_runner.TestMcpParsing" name="test_parse_body_list_from_rows" time="0.000" /><testcase classname="tests.unit.test_odps_sql_runner.TestMcpParsing" name="test_parse_body_list_from_csv_result" time="0.000" /><testcase classname="tests.unit.test_odps_sql_runner.TestRunOdpsQueryPreference" name="test_maxcompute_first" time="0.001" /><testcase classname="tests.unit.test_odps_sql_runner.TestRunOdpsQueryPreference" name="test_falls_back_to_ida_when_mc_absent" time="0.001" /><testcase classname="tests.unit.test_odps_sql_runner.TestRunOdpsQueryPreference" name="test_falls_back_when_mc_raises" time="0.001" /><testcase classname="tests.unit.test_odps_sql_runner.TestRunOdpsQueryPreference" name="test_mc_empty_rows_falls_back" time="0.001" /><testcase classname="tests.unit.test_ods_di_config.TestInferSplitPk" name="test_primary_key" time="0.000" /><testcase classname="tests.unit.test_ods_di_config.TestInferSplitPk" name="test_fallback_id" time="0.000" /><testcase classname="tests.unit.test_ods_di_config.TestInferWhereField" name="test_datetime_candidate" time="0.000" /><testcase classname="tests.unit.test_ods_di_config.TestInferWhereField" name="test_unix_candidate" time="0.000" /><testcase classname="tests.unit.test_ods_di_config.TestBuildWhereClause" name="test_hour_unix" time="0.000" /><testcase classname="tests.unit.test_ods_di_config.TestBuildWhereClause" name="test_day_datetime" time="0.000" /><testcase classname="tests.unit.test_ods_di_config.TestBuildDiTaskConfig" name="test_hour_granularity_config" time="0.000" /><testcase classname="tests.unit.test_ods_di_config.TestBuildDiTaskConfig" name="test_init_config_has_no_where" time="0.000" /><testcase classname="tests.unit.test_ods_di_config.TestBuildDiTaskConfig" name="test_json_serializable" time="0.000" /><testcase classname="tests.unit.test_ods_di_config.TestDdlHelpers" name="test_inject_schema_prefix" time="0.000" /><testcase classname="tests.unit.test_ods_di_config.TestDdlHelpers" name="test_compare_compatible" time="0.003" /><testcase classname="tests.unit.test_ods_di_config.TestPartitions" name="test_business_hour_partition" time="0.000" /><testcase classname="tests.unit.test_ods_di_config.TestPartitions" name="test_init_hour_partition" time="0.000" /><testcase classname="tests.unit.test_ods_di_config.TestPartitions" name="test_business_never_uses_init_date[hour]" time="0.000" /><testcase classname="tests.unit.test_ods_di_config.TestPartitions" name="test_business_never_uses_init_date[hourly]" time="0.000" /><testcase classname="tests.unit.test_ods_di_config.TestPartitions" name="test_business_never_uses_init_date[day]" time="0.000" /><testcase classname="tests.unit.test_ods_di_config.TestPartitions" name="test_business_never_uses_init_date[all]" time="0.000" /><testcase classname="tests.unit.test_ods_di_create_node" name="test_adapter_path_builds_di_node" time="0.001" /><testcase classname="tests.unit.test_ods_di_create_node" name="test_bff_path_uses_createpackage_and_addnodedeps" time="0.001" /><testcase classname="tests.unit.test_ods_di_create_node" name="test_create_failure_returns_error" time="0.001" /><testcase classname="tests.unit.test_ods_di_ensure_table" name="test_creates_table_via_mc_strips_drop" time="0.001" /><testcase classname="tests.unit.test_ods_di_ensure_table" name="test_existing_table_skips_create" time="0.002" /><testcase classname="tests.unit.test_ods_di_ensure_table" name="test_registry_miss_returns_failed" time="0.001" /><testcase classname="tests.unit.test_ods_di_init.TestBuildNodeName" name="test_init_suffix" time="0.000" /><testcase classname="tests.unit.test_ods_di_init.TestBuildNodeName" name="test_incremental_uses_table_name" time="0.000" /><testcase classname="tests.unit.test_ods_di_init.TestPartitionWhere" name="test_partition_where_clause[hour-dt='20170101' AND ht='00']" time="0.000" /><testcase classname="tests.unit.test_ods_di_init.TestPartitionWhere" name="test_partition_where_clause[hourly-dt='20170101' AND ht='00']" time="0.000" /><testcase classname="tests.unit.test_ods_di_init.TestPartitionWhere" name="test_partition_where_clause[day-dt='20170101']" time="0.000" /><testcase classname="tests.unit.test_ods_di_init.TestPartitionWhere" name="test_partition_where_clause[all-dt='20170101']" time="0.000" /><testcase classname="tests.unit.test_ods_di_init.TestCopyInitPartitionSql" name="test_hour_copy_sql" time="0.000" /><testcase classname="tests.unit.test_ods_di_init.TestCopyInitPartitionSql" name="test_day_copy_sql" time="0.000" /><testcase classname="tests.unit.test_ods_di_init.TestPublishGate" name="test_all_passed" time="0.000" /><testcase classname="tests.unit.test_ods_di_init.TestPublishGate" name="test_blocks_on_init_failure" time="0.000" /><testcase classname="tests.unit.test_ods_di_init.TestPublishGate" name="test_blocks_on_row_count_mismatch_via_validation" time="0.000" /><testcase classname="tests.unit.test_ods_di_init.TestBuildConfigTaskRole" name="test_init_has_no_schedule" time="0.000" /><testcase classname="tests.unit.test_ods_di_init.TestBuildConfigTaskRole" name="test_incremental_has_schedule" time="0.000" /><testcase classname="tests.unit.test_ods_di_init.TestReplaceReaderWhere" name="test_replaces_where" time="0.000" /><testcase classname="tests.unit.test_ods_holo_column_resolver.TestAppendOdsPartitionColumns" name="test_hour_adds_update_ht_dt_ht" time="0.000" /><testcase classname="tests.unit.test_ods_holo_column_resolver.TestAppendOdsPartitionColumns" name="test_day_adds_dt_only" time="0.000" /><testcase classname="tests.unit.test_ods_holo_column_resolver.TestLoadHoloOdsColumns" name="test_prefers_snapshot_over_registry" time="0.002" /><testcase classname="tests.unit.test_ods_holo_column_resolver.TestLoadHoloOdsColumns" name="test_failed_when_no_metadata" time="0.013" /><testcase classname="tests.unit.test_ods_holo_dml_generator.TestHoloOdsWhereClause" name="test_hour_uses_gmt_modify_create_coalesce" time="0.000" /><testcase classname="tests.unit.test_ods_holo_dml_generator.TestHoloOdsWhereClause" name="test_oms_style_update_create_coalesce" time="0.000" /><testcase classname="tests.unit.test_ods_holo_dml_generator.TestHoloOdsWhereClause" name="test_oms_style_update_create_or" time="0.000" /><testcase classname="tests.unit.test_ods_holo_dml_generator.TestHoloOdsWhereClause" name="test_create_time_only" time="0.000" /><testcase classname="tests.unit.test_ods_holo_dml_generator.TestHoloOdsWhereClause" name="test_up_time_only" time="0.000" /><testcase classname="tests.unit.test_ods_holo_dml_generator.TestHoloOdsRender" name="test_hour_dml_includes_update_ht_and_partitions" time="0.000" /><testcase classname="tests.unit.test_ods_holo_dml_generator.TestHoloOdsRender" name="test_timestamp_cast_to_text" time="0.000" /><testcase classname="tests.unit.test_ods_holo_dml_generator.TestBuildHoloOdsDml" name="test_rejects_select_star_when_metadata_missing" time="0.002" /><testcase classname="tests.unit.test_ods_holo_dml_generator.TestPartitionLiterals" name="test_hour_triplet" time="0.000" /><testcase classname="tests.unit.test_ods_holo_dml_generator.TestPartitionLiterals" name="test_day_only_dt" time="0.000" /><testcase classname="tests.unit.test_ods_holo_local_ddl_registry.TestLocalDdlRegistry" name="test_extract_t_order_ad_from_order_fulfillment_file" time="0.001" /><testcase classname="tests.unit.test_ods_holo_local_ddl_registry.TestLocalDdlRegistry" name="test_query_columns_for_oms_t_order_ad" time="0.015" /><testcase classname="tests.unit.test_ods_holo_local_ddl_registry.TestLocalDdlRegistry" name="test_find_local_ddl_returns_block" time="0.011" /><testcase classname="tests.unit.test_ods_oss_config.TestParseOssPath" name="test_full_oss_uri" time="0.000" /><testcase classname="tests.unit.test_ods_oss_config.TestParseOssPath" name="test_bucket_only" time="0.000" /><testcase classname="tests.unit.test_ods_oss_config.TestValidateOssConfig" name="test_valid_config" time="0.000" /><testcase classname="tests.unit.test_ods_oss_config.TestValidateOssConfig" name="test_multiple_errors" time="0.001" /><testcase classname="tests.unit.test_ods_oss_config.TestBuildOssImportSql" name="test_day_schedule_partition" time="0.000" /><testcase classname="tests.unit.test_ods_oss_config.TestBuildOssImportSql" name="test_hour_schedule_partition" time="0.000" /><testcase classname="tests.unit.test_ods_oss_config.TestBuildOssImportSql" name="test_wildcard_appended" time="0.000" /><testcase classname="tests.unit.test_ods_oss_config.TestConstants" name="test_supported_formats" time="0.000" /><testcase classname="tests.unit.test_ods_oss_config.TestConstants" name="test_default_dependencies" time="0.000" /><testcase classname="tests.unit.test_ods_realtime_helpers.TestExtractFields" name="test_basic_select" time="0.000" /><testcase classname="tests.unit.test_ods_realtime_helpers.TestExtractFields" name="test_strips_trailing_partition_columns" time="0.000" /><testcase classname="tests.unit.test_ods_realtime_helpers.TestMatchDeltaTable" name="test_match_found" time="0.000" /><testcase classname="tests.unit.test_ods_realtime_helpers.TestMatchDeltaTable" name="test_no_match" time="0.000" /><testcase classname="tests.unit.test_ods_realtime_helpers.TestPreprocess" name="test_success" time="0.000" /><testcase classname="tests.unit.test_ods_realtime_helpers.TestPreprocess" name="test_failure_when_no_delta" time="0.000" /><testcase classname="tests.unit.test_ods_realtime_helpers.TestGenerateInsertSql" name="test_sql_template" time="0.000" /><testcase classname="tests.unit.test_openapi_client.TestConfig" name="test_config_uses_akssk" time="0.001" /><testcase classname="tests.unit.test_openapi_client.TestConfig" name="test_client_cached" time="0.000" /><testcase classname="tests.unit.test_openapi_client.TestNodeDomain" name="test_get_node_request_fields" time="0.001" /><testcase classname="tests.unit.test_openapi_client.TestNodeDomain" name="test_list_nodes_request_fields" time="0.001" /><testcase classname="tests.unit.test_openapi_client.TestNodeDomain" name="test_create_node_request_fields" time="0.001" /><testcase classname="tests.unit.test_openapi_client.TestNodeDomain" name="test_update_node_request_fields" time="0.002" /><testcase classname="tests.unit.test_openapi_client.TestNodeDomain" name="test_returns_body" time="0.001" /><testcase classname="tests.unit.test_openapi_client.TestMetadataLineageDomain" name="test_get_table_request_fields" time="0.001" /><testcase classname="tests.unit.test_openapi_client.TestMetadataLineageDomain" name="test_list_tables_request_fields" time="0.001" /><testcase classname="tests.unit.test_openapi_client.TestMetadataLineageDomain" name="test_list_catalogs_request_fields" time="0.001" /><testcase classname="tests.unit.test_openapi_client.TestMetadataLineageDomain" name="test_list_databases_request_fields" time="0.001" /><testcase classname="tests.unit.test_openapi_client.TestMetadataLineageDomain" name="test_list_schemas_request_fields" time="0.001" /><testcase classname="tests.unit.test_openapi_client.TestMetadataLineageDomain" name="test_list_columns_request_fields" time="0.001" /><testcase classname="tests.unit.test_openapi_client.TestMetadataLineageDomain" name="test_list_lineages_upstream" time="0.001" /><testcase classname="tests.unit.test_openapi_client.TestMetadataLineageDomain" name="test_list_lineages_downstream" time="0.001" /><testcase classname="tests.unit.test_openapi_client.TestMetadataLineageDomain" name="test_metadata_methods_retry_on_throttle" time="0.002" /><testcase classname="tests.unit.test_openapi_client.TestDeploymentDomain" name="test_create_deployment_request_fields" time="0.001" /><testcase classname="tests.unit.test_openapi_client.TestDeploymentDomain" name="test_get_deployment_request_fields" time="0.001" /><testcase classname="tests.unit.test_openapi_client.TestDeploymentDomain" name="test_exec_deployment_stage_request_fields" time="0.001" /><testcase classname="tests.unit.test_openapi_client.TestDataSourceDomain" name="test_list_data_sources_request_fields" time="0.001" /><testcase classname="tests.unit.test_openapi_client.TestDataSourceDomain" name="test_get_data_source_request_fields" time="0.001" /><testcase classname="tests.unit.test_openapi_client.TestDIDomain" name="test_create_dijob_request_fields" time="0.001" /><testcase classname="tests.unit.test_openapi_client.TestDIDomain" name="test_get_dijob_request_fields" time="0.001" /><testcase classname="tests.unit.test_openapi_client.TestDIDomain" name="test_start_dijob_force_rerun" time="0.001" /><testcase classname="tests.unit.test_openapi_client.TestDIDomain" name="test_stop_dijob_request_fields" time="0.001" /><testcase classname="tests.unit.test_openapi_client.TestDataQualityDomain" name="test_list_evaluation_tasks_request_fields" time="0.002" /><testcase classname="tests.unit.test_openapi_client.TestDataQualityDomain" name="test_list_rules_request_fields" time="0.002" /><testcase classname="tests.unit.test_openapi_client.TestDataQualityDomain" name="test_list_results_request_fields" time="0.001" /><testcase classname="tests.unit.test_openapi_client.TestRetryAndErrors" name="test_is_retryable_by_code_prefix" time="0.000" /><testcase classname="tests.unit.test_openapi_client.TestRetryAndErrors" name="test_is_retryable_by_http_status" time="0.000" /><testcase classname="tests.unit.test_openapi_client.TestRetryAndErrors" name="test_not_retryable" time="0.000" /><testcase classname="tests.unit.test_openapi_client.TestRetryAndErrors" name="test_retries_then_succeeds" time="0.002" /><testcase classname="tests.unit.test_openapi_client.TestRetryAndErrors" name="test_non_retryable_raises_openapierror" time="0.001" /><testcase classname="tests.unit.test_openapi_client.TestRetryAndErrors" name="test_retry_exhausted_raises" time="0.002" /><testcase classname="tests.unit.test_openapi_node_adapter.TestCreateNode" name="test_create_returns_id_and_builds_flowspec" time="0.001" /><testcase classname="tests.unit.test_openapi_node_adapter.TestCreateNode" name="test_create_error_sets_last_error" time="0.001" /><testcase classname="tests.unit.test_openapi_node_adapter.TestCreateNode" name="test_create_bad_language" time="0.001" /><testcase classname="tests.unit.test_openapi_node_adapter.TestUpdateNode" name="test_update_content_writes_into_spec" time="0.002" /><testcase classname="tests.unit.test_openapi_node_adapter.TestUpdateVertex" name="test_trigger_params_deps_merged" time="0.001" /><testcase classname="tests.unit.test_openapi_node_adapter.TestUpdateVertex" name="test_outputs_merged_into_spec" time="0.001" /><testcase classname="tests.unit.test_openapi_node_adapter.TestUpdateVertex" name="test_normal_dependency_uses_manual_sourcetype" time="0.001" /><testcase classname="tests.unit.test_openapi_node_adapter.TestDeployNodes" name="test_deploy_calls_create_deployment" time="0.001" /><testcase classname="tests.unit.test_openapi_node_adapter.TestGetNodeUuidByPath" name="test_match_on_second_page" time="0.001" /><testcase classname="tests.unit.test_openapi_node_adapter.TestGetNodeUuidByPath" name="test_no_match_returns_none" time="0.001" /><testcase classname="tests.unit.test_orchestrator" name="test_orchestrator_idle" time="0.001" /><testcase classname="tests.unit.test_orchestrator" name="test_orchestrator_run_simple" time="0.001" /><testcase classname="tests.unit.test_orchestrator" name="test_orchestrator_run_with_failure" time="0.002" /><testcase classname="tests.unit.test_orchestrator" name="test_orchestrator_decompose_goal_ods" time="0.001" /><testcase classname="tests.unit.test_orchestrator" name="test_orchestrator_decompose_goal_dwd" time="0.001" /><testcase classname="tests.unit.test_orchestrator" name="test_orchestrator_decompose_goal_dim" time="0.001" /><testcase classname="tests.unit.test_orchestrator" name="test_has_dependency" time="0.000" /><testcase classname="tests.unit.test_orchestrator" name="test_generate_next_steps" time="0.000" /><testcase classname="tests.unit.test_orchestrator" name="test_orchestrator_result_summary" time="0.000" /><testcase classname="tests.unit.test_ownership" name="test_record_table_creation_writes_record" time="0.011" /><testcase classname="tests.unit.test_ownership" name="test_record_table_creation_multiple_times_appends" time="0.010" /><testcase classname="tests.unit.test_ownership" name="test_record_field_change_writes_with_field" time="0.010" /><testcase classname="tests.unit.test_ownership" name="test_get_table_owners_filters_by_table" time="0.011" /><testcase classname="tests.unit.test_ownership" name="test_get_table_owners_empty_for_unknown" time="0.009" /><testcase classname="tests.unit.test_ownership" name="test_record_returns_ownership_record_schema" time="0.015" /><testcase classname="tests.unit.test_permission" name="test_resolve_from_dingtalk" time="0.001" /><testcase classname="tests.unit.test_permission" name="test_resolve_from_ip" time="0.000" /><testcase classname="tests.unit.test_permission" name="test_get_user" time="0.000" /><testcase classname="tests.unit.test_permission" name="test_check_permission_admin" time="0.001" /><testcase classname="tests.unit.test_permission" name="test_check_permission_viewer" time="0.000" /><testcase classname="tests.unit.test_permission" name="test_add_permission" time="0.000" /><testcase classname="tests.unit.test_permission" name="test_get_user_from_request_dingtalk" time="0.000" /><testcase classname="tests.unit.test_permission" name="test_get_user_from_request_ip" time="0.000" /><testcase classname="tests.unit.test_permission" name="test_user_identity_post_init" time="0.000" /><testcase classname="tests.unit.test_permission" name="test_permission_post_init" time="0.000" /><testcase classname="tests.unit.test_persistent_queue.TestPersistentPipelineQueue" name="test_create_and_get_batch" time="0.678" /><testcase classname="tests.unit.test_persistent_queue.TestPersistentPipelineQueue" name="test_claim_complete_updates_batch" time="0.687" /><testcase classname="tests.unit.test_persistent_queue.TestPersistentPipelineQueue" name="test_fail_task_marks_batch_failed" time="0.625" /><testcase classname="tests.unit.test_persistent_queue.TestPersistentPipelineQueue" name="test_step_log_persisted" time="0.631" /><testcase classname="tests.unit.test_proposal_guard" name="test_check_ddl_valid" time="0.000" /><testcase classname="tests.unit.test_proposal_guard" name="test_check_ddl_invalid" time="0.000" /><testcase classname="tests.unit.test_proposal_guard" name="test_check_table_name_valid" time="0.000" /><testcase classname="tests.unit.test_proposal_guard" name="test_check_table_name_invalid" time="0.000" /><testcase classname="tests.unit.test_proposal_guard" name="test_check_layer_dependency_valid" time="0.000" /><testcase classname="tests.unit.test_proposal_guard" name="test_check_layer_dependency_invalid" time="0.000" /><testcase classname="tests.unit.test_proposal_guard" name="test_check_sql_syntax_valid" time="0.001" /><testcase classname="tests.unit.test_proposal_guard" name="test_check_sql_syntax_invalid" time="0.001" /><testcase classname="tests.unit.test_proposal_guard" name="test_check_proposal_valid" time="0.001" /><testcase classname="tests.unit.test_proposal_guard" name="test_check_proposal_invalid" time="0.001" /><testcase classname="tests.unit.test_publish_gate_runtime" name="test_interrupt_for_approval" time="0.002" /><testcase classname="tests.unit.test_publish_gate_runtime" name="test_approve_request" time="0.001" /><testcase classname="tests.unit.test_publish_gate_runtime" name="test_reject_request" time="0.001" /><testcase classname="tests.unit.test_publish_gate_runtime" name="test_get_request" time="0.001" /><testcase classname="tests.unit.test_publish_gate_runtime" name="test_list_pending_requests" time="0.002" /><testcase classname="tests.unit.test_publish_gate_runtime" name="test_resume_after_approval" time="0.001" /><testcase classname="tests.unit.test_publish_gate_runtime" name="test_resume_not_approved" time="0.001" /><testcase classname="tests.unit.test_publish_gate_runtime" name="test_publish_request_post_init" time="0.000" /><testcase classname="tests.unit.test_quality" name="test_fetch_quality_signals" time="0.001" /><testcase classname="tests.unit.test_quality" name="test_check_quality" time="0.001" /><testcase classname="tests.unit.test_quality" name="test_add_rule" time="0.001" /><testcase classname="tests.unit.test_quality" name="test_get_rules_by_table" time="0.000" /><testcase classname="tests.unit.test_quality" name="test_propose_quality_rule" time="0.002" /><testcase classname="tests.unit.test_quality" name="test_approve_rule" time="0.002" /><testcase classname="tests.unit.test_quality" name="test_check_data_trust" time="0.001" /><testcase classname="tests.unit.test_quality" name="test_quality_rule_post_init" time="0.001" /><testcase classname="tests.unit.test_quality" name="test_quality_signal_data_post_init" time="0.001" /><testcase classname="tests.unit.test_quality" name="test_quality_check_result_post_init" time="0.000" /><testcase classname="tests.unit.test_replay" name="test_create_replay_state" time="0.001" /><testcase classname="tests.unit.test_replay" name="test_get_replay_state" time="0.001" /><testcase classname="tests.unit.test_replay" name="test_get_steps_to_replay" time="0.001" /><testcase classname="tests.unit.test_replay" name="test_replay" time="0.001" /><testcase classname="tests.unit.test_replay" name="test_replay_with_executor" time="0.001" /><testcase classname="tests.unit.test_replay" name="test_replay_idempotent" time="0.001" /><testcase classname="tests.unit.test_replay" name="test_get_replay_summary" time="0.001" /><testcase classname="tests.unit.test_replay" name="test_replay_state_post_init" time="0.000" /><testcase classname="tests.unit.test_retry_policy" name="test_retryable_error" time="0.001" /><testcase classname="tests.unit.test_retry_policy" name="test_non_retryable_error" time="0.001" /><testcase classname="tests.unit.test_retry_policy" name="test_max_retries_exceeded" time="0.000" /><testcase classname="tests.unit.test_retry_policy" name="test_delay_calculation" time="0.000" /><testcase classname="tests.unit.test_reverse_flow" name="test_reverse_from_table" time="0.001" /><testcase classname="tests.unit.test_reverse_flow" name="test_reverse_from_sql" time="0.001" /><testcase classname="tests.unit.test_reverse_flow" name="test_reverse_from_node" time="0.001" /><testcase classname="tests.unit.test_reverse_flow" name="test_reverse_with_lineage" time="0.001" /><testcase classname="tests.unit.test_reverse_flow" name="test_reverse_with_semantics" time="0.001" /><testcase classname="tests.unit.test_reverse_flow" name="test_reverse_result_post_init" time="0.000" /><testcase classname="tests.unit.test_runtime_service" name="test_create_session" time="0.001" /><testcase classname="tests.unit.test_runtime_service" name="test_start_run" time="0.002" /><testcase classname="tests.unit.test_runtime_service" name="test_get_run" time="0.002" /><testcase classname="tests.unit.test_runtime_service" name="test_cancel_run" time="0.002" /><testcase classname="tests.unit.test_runtime_service" name="test_interrupt_run" time="0.002" /><testcase classname="tests.unit.test_runtime_service" name="test_resume_run" time="0.002" /><testcase classname="tests.unit.test_runtime_service" name="test_retry_run" time="0.002" /><testcase classname="tests.unit.test_runtime_service" name="test_complete_run" time="0.001" /><testcase classname="tests.unit.test_runtime_service" name="test_fail_run" time="0.001" /><testcase classname="tests.unit.test_runtime_service" name="test_session_post_init" time="0.000" /><testcase classname="tests.unit.test_runtime_service" name="test_run_post_init" time="0.000" /><testcase classname="tests.unit.test_runtime_service" name="test_step_post_init" time="0.000" /><testcase classname="tests.unit.test_runtime_service" name="test_event_post_init" time="0.000" /><testcase classname="tests.unit.test_runtime_service" name="test_artifact_post_init" time="0.001" /><testcase classname="tests.unit.test_runtime_service" name="test_checkpoint_post_init" time="0.000" /><testcase classname="tests.unit.test_schedule_naming.TestGetCycleType" name="test_hour_returns_not_daily" time="0.000" /><testcase classname="tests.unit.test_schedule_naming.TestGetCycleType" name="test_day_returns_daily" time="0.000" /><testcase classname="tests.unit.test_schedule_naming.TestGetCycleType" name="test_invalid_granularity_raises" time="0.000" /><testcase classname="tests.unit.test_schedule_naming.TestGenerateCron" name="test_hour_basic" time="0.000" /><testcase classname="tests.unit.test_schedule_naming.TestGenerateCron" name="test_day_basic" time="0.000" /><testcase classname="tests.unit.test_schedule_naming.TestAutoDistribute" name="test_hour_four_tasks" time="0.000" /><testcase classname="tests.unit.test_schedule_naming.TestAutoDistribute" name="test_day_single_task" time="0.000" /><testcase classname="tests.unit.test_schedule_naming.TestInferScheduleType" name="test_hour_suffix" time="0.000" /><testcase classname="tests.unit.test_schedule_naming.TestInferScheduleType" name="test_day_suffix" time="0.000" /><testcase classname="tests.unit.test_schedule_naming.TestInferScheduleType" name="test_ods_table_hour" time="0.000" /><testcase classname="tests.unit.test_schedule_naming.TestGetScheduleConfig" name="test_hour_config" time="0.000" /><testcase classname="tests.unit.test_schedule_naming.TestGetScheduleConfig" name="test_day_config" time="0.000" /><testcase classname="tests.unit.test_schedule_naming.TestGranularityFromUpdateMethod" name="test_maps_dataworks_values" time="0.000" /><testcase classname="tests.unit.test_schedule_naming.TestAutoDistributeWithCron" name="test_hour_distribute_then_cron" time="0.000" /><testcase classname="tests.unit.test_schedule_validator" name="test_daily_params" time="0.000" /><testcase classname="tests.unit.test_schedule_validator" name="test_hourly_params" time="0.000" /><testcase classname="tests.unit.test_schedule_validator" name="test_validate_missing_params" time="0.000" /><testcase classname="tests.unit.test_schedule_validator" name="test_validate_complete_params" time="0.000" /><testcase classname="tests.unit.test_self_heal" name="test_diagnose_schedule_failure" time="0.001" /><testcase classname="tests.unit.test_self_heal" name="test_diagnose_data_anomaly" time="0.001" /><testcase classname="tests.unit.test_self_heal" name="test_diagnose_quality_issue" time="0.001" /><testcase classname="tests.unit.test_self_heal" name="test_diagnose_upstream_delay" time="0.001" /><testcase classname="tests.unit.test_self_heal" name="test_execute_retry" time="0.001" /><testcase classname="tests.unit.test_self_heal" name="test_execute_requires_approval" time="0.001" /><testcase classname="tests.unit.test_self_heal" name="test_issue_report_post_init" time="0.000" /><testcase classname="tests.unit.test_self_heal" name="test_heal_proposal_post_init" time="0.000" /><testcase classname="tests.unit.test_self_heal" name="test_heal_result_post_init" time="0.000" /><testcase classname="tests.unit.test_semantic_bootstrap" name="test_load_warehouse_yaml" time="0.020" /><testcase classname="tests.unit.test_semantic_bootstrap" name="test_load_word_roots" time="0.000" /><testcase classname="tests.unit.test_semantic_bootstrap" name="test_parse_warehouse_rules" time="0.000" /><testcase classname="tests.unit.test_semantic_bootstrap" name="test_bootstrap_semantic_layer" time="2.881" /><testcase classname="tests.unit.test_semantic_bootstrap" name="test_bootstrap_multiple_runs" time="5.787" /><testcase classname="tests.unit.test_semantic_graph" name="test_get_table_context_not_found" time="0.002" /><testcase classname="tests.unit.test_semantic_graph" name="test_add_edge" time="0.000" /><testcase classname="tests.unit.test_semantic_graph" name="test_get_upstream" time="0.000" /><testcase classname="tests.unit.test_semantic_graph" name="test_get_downstream" time="0.000" /><testcase classname="tests.unit.test_semantic_graph" name="test_bootstrap_from_reverse_modeling" time="0.001" /><testcase classname="tests.unit.test_semantic_graph" name="test_table_context_post_init" time="0.000" /><testcase classname="tests.unit.test_semantic_graph" name="test_graph_edge_post_init" time="0.000" /><testcase classname="tests.unit.test_semantic_layer" name="test_get_metric_definition_not_found" time="0.001" /><testcase classname="tests.unit.test_semantic_layer" name="test_resolve_caliber_not_found" time="0.001" /><testcase classname="tests.unit.test_semantic_layer" name="test_upsert_definition_create" time="0.004" /><testcase classname="tests.unit.test_semantic_layer" name="test_upsert_definition_no_change" time="0.008" /><testcase classname="tests.unit.test_semantic_layer" name="test_upsert_definition_with_change" time="0.009" /><testcase classname="tests.unit.test_semantic_layer" name="test_approve_definition" time="0.007" /><testcase classname="tests.unit.test_semantic_layer" name="test_approve_nonexistent" time="0.001" /><testcase classname="tests.unit.test_semantic_layer" name="test_get_quality_signal" time="0.000" /><testcase classname="tests.unit.test_semantic_layer" name="test_list_definitions" time="0.010" /><testcase classname="tests.unit.test_standards_loader.TestStandardsLoader" name="test_word_roots_loaded" time="0.000" /><testcase classname="tests.unit.test_standards_loader.TestStandardsLoader" name="test_valid_roots_contains_common_tokens" time="0.000" /><testcase classname="tests.unit.test_standards_loader.TestStandardsLoader" name="test_validate_field_roots_detects_unknown_segment" time="0.000" /><testcase classname="tests.unit.test_standards_loader.TestStandardsLoader" name="test_standard_documents_exist" time="0.001" /><testcase classname="tests.unit.test_standards_loader.TestStandardsLoader" name="test_unknown_standard_raises" time="0.000" /><testcase classname="tests.unit.test_state_machine" name="test_full_pipeline_success" time="0.004" /><testcase classname="tests.unit.test_state_machine" name="test_cancel_during_run" time="0.516" /><testcase classname="tests.unit.test_state_machine" name="test_step_failure_non_retryable" time="0.003" /><testcase classname="tests.unit.test_state_machine" name="test_suspend_and_resume" time="0.105" /><testcase classname="tests.unit.test_state_machine" name="test_emit_event_publishes_task_status_changed" time="0.031" /><testcase classname="tests.unit.test_state_machine" name="test_emit_event_publish_failure_does_not_break_state_machine" time="0.002" /><testcase classname="tests.unit.test_table_name.TestGenerateOdsDiTableName" name="test_basic_generation" time="0.000" /><testcase classname="tests.unit.test_table_name.TestGenerateOdsDiTableName" name="test_source_type_prefixes[mysql-ms]" time="0.001" /><testcase classname="tests.unit.test_table_name.TestGenerateOdsDiTableName" name="test_source_type_prefixes[oss-oss]" time="0.000" /><testcase classname="tests.unit.test_table_name.TestGenerateOdsDiTableName" name="test_source_type_prefixes[hologres-hl]" time="0.000" /><testcase classname="tests.unit.test_table_name.TestGenerateOdsDiTableName" name="test_source_type_prefixes[maxcompute-mc]" time="0.000" /><testcase classname="tests.unit.test_table_name.TestGenerateOdsDiTableName" name="test_source_type_prefixes[elasticsearch-es]" time="0.000" /><testcase classname="tests.unit.test_table_name.TestGenerateOdsDiTableName" name="test_source_type_prefixes[ftp-ftp]" time="0.000" /><testcase classname="tests.unit.test_table_name.TestGenerateOdsDiTableName" name="test_source_type_prefixes[mongodb-mg]" time="0.000" /><testcase classname="tests.unit.test_table_name.TestGenerateOdsDiTableName" name="test_source_type_prefixes[polardb-pl]" time="0.000" /><testcase classname="tests.unit.test_table_name.TestGenerateOdsDiTableName" name="test_hologres_workspace_path" time="0.000" /><testcase classname="tests.unit.test_table_name.TestGenerateOdsRealtimeTableName" name="test_basic_generation" time="0.000" /><testcase classname="tests.unit.test_table_name.TestGenerateNodePath" name="test_basic_path" time="0.000" /><testcase classname="tests.unit.test_table_name.TestValidateTableName" name="test_valid_simple_name" time="0.000" /><testcase classname="tests.unit.test_table_name.TestValidateTableName" name="test_starts_with_digit" time="0.000" /><testcase classname="tests.unit.test_table_name.TestValidateTableName" name="test_empty_string" time="0.000" /><testcase classname="tests.unit.test_table_name.TestIsValidTableName" name="test_valid_name_returns_true" time="0.000" /><testcase classname="tests.unit.test_table_name.TestIsValidTableName" name="test_too_long_returns_false" time="0.000" /><testcase classname="tests.unit.test_table_name.TestGenerateAndValidate" name="test_di_generated_name_is_valid" time="0.000" /><testcase classname="tests.unit.test_table_name.TestGenerateAndValidate" name="test_di_name_with_long_components_may_fail_validation" time="0.000" /><testcase classname="tests.unit.test_task_backfill" name="test_backfill_fills_empty_node_type" time="0.015" /><testcase classname="tests.unit.test_task_backfill" name="test_backfill_skips_existing_node_type" time="0.012" /><testcase classname="tests.unit.test_task_backfill" name="test_backfill_force_overwrites" time="0.012" /><testcase classname="tests.unit.test_task_backfill" name="test_backfill_handles_empty_db" time="0.010" /><testcase classname="tests.unit.test_task_backfill" name="test_backfill_dim_target" time="0.011" /><testcase classname="tests.unit.test_task_chainer" name="test_load_default_rules" time="0.000" /><testcase classname="tests.unit.test_task_chainer" name="test_on_task_complete_no_match" time="0.002" /><testcase classname="tests.unit.test_task_chainer" name="test_on_task_complete_match_ods" time="0.001" /><testcase classname="tests.unit.test_task_chainer" name="test_on_task_complete_wrong_status" time="0.001" /><testcase classname="tests.unit.test_task_chainer" name="test_on_task_complete_disabled_rule" time="0.001" /><testcase classname="tests.unit.test_task_chainer" name="test_enable_disable_rule" time="0.001" /><testcase classname="tests.unit.test_task_chainer" name="test_enable_nonexistent_rule" time="0.000" /><testcase classname="tests.unit.test_task_chainer" name="test_disable_nonexistent_rule" time="0.000" /><testcase classname="tests.unit.test_task_chainer" name="test_on_task_complete_dwd" time="0.001" /><testcase classname="tests.unit.test_task_chainer" name="test_on_task_complete_dim" time="0.001" /><testcase classname="tests.unit.test_task_chainer" name="test_on_task_complete_dws" time="0.001" /><testcase classname="tests.unit.test_task_chainer" name="test_chaining_rule_dataclass" time="0.000" /><testcase classname="tests.unit.test_task_chainer" name="test_chaining_decision_dataclass" time="0.000" /><testcase classname="tests.unit.test_task_classification.TestTaskClassification" name="test_infer_explicit_node_type" time="0.000" /><testcase classname="tests.unit.test_task_classification.TestTaskClassification" name="test_infer_holo_from_task_prefix" time="0.000" /><testcase classname="tests.unit.test_task_classification.TestTaskClassification" name="test_infer_odps_from_task_prefix" time="0.000" /><testcase classname="tests.unit.test_task_classification.TestTaskClassification" name="test_pipeline_type_mapping" time="0.000" /><testcase classname="tests.unit.test_task_classification.TestClassifyStatus" name="test_terminal_states" time="0.000" /><testcase classname="tests.unit.test_task_classification.TestClassifyStatus" name="test_in_flight_states" time="0.000" /><testcase classname="tests.unit.test_task_classification.TestClassifyStatus" name="test_queued_states" time="0.000" /><testcase classname="tests.unit.test_task_classification.TestClassifyStatus" name="test_unknown_returns_none" time="0.000" /><testcase classname="tests.unit.test_task_classification.TestClassifyStatus" name="test_case_insensitive" time="0.000" /><testcase classname="tests.unit.test_task_classification.TestInferNodeTypeSql" name="test_sql_contains_coalesce_and_case" time="0.002" /><testcase classname="tests.unit.test_task_classification.TestInferNodeTypeSql" name="test_sql_with_node_type_filter_renders" time="0.001" /><testcase classname="tests.unit.test_task_classification.TestInferNodeTypeSql" name="test_sql_uses_or_for_imp_task_prefixes" time="0.001" /><testcase classname="tests.unit.test_task_memory" name="test_get_or_create" time="0.005" /><testcase classname="tests.unit.test_task_memory" name="test_append_step" time="0.002" /><testcase classname="tests.unit.test_task_memory" name="test_append_decision" time="0.008" /><testcase classname="tests.unit.test_task_memory" name="test_append_artifact" time="0.003" /><testcase classname="tests.unit.test_task_memory" name="test_set_next_steps" time="0.006" /><testcase classname="tests.unit.test_task_memory" name="test_append_blocker" time="0.006" /><testcase classname="tests.unit.test_task_memory" name="test_set_verification" time="0.003" /><testcase classname="tests.unit.test_task_memory" name="test_generate_next_steps_ods" time="0.007" /><testcase classname="tests.unit.test_task_memory" name="test_generate_next_steps_dwd" time="0.007" /><testcase classname="tests.unit.test_task_memory" name="test_generate_next_steps_dim" time="0.006" /><testcase classname="tests.unit.test_task_memory" name="test_task_memory_to_dict" time="0.000" /><testcase classname="tests.unit.test_where_infer.TestInferWhereField" name="test_case_insensitive" time="0.000" /><testcase classname="tests.unit.test_where_infer.TestInferWhereField" name="test_up_time_unix" time="0.000" /><testcase classname="tests.unit.test_where_infer.TestListWhereOptions" name="test_pair_includes_coalesce_and_or" time="0.001" /><testcase classname="tests.unit.test_where_infer.TestListWhereOptions" name="test_unix_pair_defaults_to_or" time="0.001" /><testcase classname="tests.unit.test_where_infer.TestInferIncrementalWhere" name="test_coalesce_when_both_present" time="0.000" /><testcase classname="tests.unit.test_where_infer.TestInferIncrementalWhere" name="test_or_mode" time="0.000" /><testcase classname="tests.unit.test_where_infer.TestInferIncrementalWhere" name="test_modify_only" time="0.000" /><testcase classname="tests.unit.test_where_infer.TestInferIncrementalWhere" name="test_create_only" time="0.000" /><testcase classname="tests.unit.test_where_infer.TestInferIncrementalWhere" name="test_modify_time_pair" time="0.000" /><testcase classname="tests.unit.test_where_infer.TestInferIncrementalWhere" name="test_none_mode" time="0.001" /></testsuite></testsuites>